###############################################################################
#
# IAR ELF Linker V8.32.1.169/W32 for ARM                  24/Mar/2025  00:34:40
# Copyright 2007-2018 IAR Systems AB.
#
#    Output file  =  C:\Users\72457\Desktop\shiyan\EWARM\shiyan\Exe\shiyan.out
#    Map file     =  C:\Users\72457\Desktop\shiyan\EWARM\shiyan\List\shiyan.map
#    Command line =  
#        -f C:\Users\72457\AppData\Local\Temp\EWC180.tmp
#        (C:\Users\72457\Desktop\shiyan\EWARM\shiyan\Obj\chaochengbo.o
#        C:\Users\72457\Desktop\shiyan\EWARM\shiyan\Obj\cJSON.o
#        C:\Users\72457\Desktop\shiyan\EWARM\shiyan\Obj\cmsis_os.o
#        C:\Users\72457\Desktop\shiyan\EWARM\shiyan\Obj\croutine.o
#        C:\Users\72457\Desktop\shiyan\EWARM\shiyan\Obj\dma.o
#        C:\Users\72457\Desktop\shiyan\EWARM\shiyan\Obj\ec800_at.o
#        C:\Users\72457\Desktop\shiyan\EWARM\shiyan\Obj\ec800_mqtt.o
#        C:\Users\72457\Desktop\shiyan\EWARM\shiyan\Obj\event_groups.o
#        C:\Users\72457\Desktop\shiyan\EWARM\shiyan\Obj\freertos.o
#        C:\Users\72457\Desktop\shiyan\EWARM\shiyan\Obj\gpio.o
#        C:\Users\72457\Desktop\shiyan\EWARM\shiyan\Obj\gps.o
#        C:\Users\72457\Desktop\shiyan\EWARM\shiyan\Obj\heap_4.o
#        C:\Users\72457\Desktop\shiyan\EWARM\shiyan\Obj\i2c.o
#        C:\Users\72457\Desktop\shiyan\EWARM\shiyan\Obj\iwdg.o
#        C:\Users\72457\Desktop\shiyan\EWARM\shiyan\Obj\list.o
#        C:\Users\72457\Desktop\shiyan\EWARM\shiyan\Obj\main.o
#        C:\Users\72457\Desktop\shiyan\EWARM\shiyan\Obj\mpu6050.o
#        C:\Users\72457\Desktop\shiyan\EWARM\shiyan\Obj\port.o
#        C:\Users\72457\Desktop\shiyan\EWARM\shiyan\Obj\portasm.o
#        C:\Users\72457\Desktop\shiyan\EWARM\shiyan\Obj\pubdata.o
#        C:\Users\72457\Desktop\shiyan\EWARM\shiyan\Obj\queue.o
#        C:\Users\72457\Desktop\shiyan\EWARM\shiyan\Obj\rc522.o
#        C:\Users\72457\Desktop\shiyan\EWARM\shiyan\Obj\spi.o
#        C:\Users\72457\Desktop\shiyan\EWARM\shiyan\Obj\startup_stm32f103xe.o
#        C:\Users\72457\Desktop\shiyan\EWARM\shiyan\Obj\stm32f1xx_hal.o
#        C:\Users\72457\Desktop\shiyan\EWARM\shiyan\Obj\stm32f1xx_hal_cortex.o
#        C:\Users\72457\Desktop\shiyan\EWARM\shiyan\Obj\stm32f1xx_hal_dma.o
#        C:\Users\72457\Desktop\shiyan\EWARM\shiyan\Obj\stm32f1xx_hal_exti.o
#        C:\Users\72457\Desktop\shiyan\EWARM\shiyan\Obj\stm32f1xx_hal_flash.o
#        C:\Users\72457\Desktop\shiyan\EWARM\shiyan\Obj\stm32f1xx_hal_flash_ex.o
#        C:\Users\72457\Desktop\shiyan\EWARM\shiyan\Obj\stm32f1xx_hal_gpio.o
#        C:\Users\72457\Desktop\shiyan\EWARM\shiyan\Obj\stm32f1xx_hal_gpio_ex.o
#        C:\Users\72457\Desktop\shiyan\EWARM\shiyan\Obj\stm32f1xx_hal_i2c.o
#        C:\Users\72457\Desktop\shiyan\EWARM\shiyan\Obj\stm32f1xx_hal_iwdg.o
#        C:\Users\72457\Desktop\shiyan\EWARM\shiyan\Obj\stm32f1xx_hal_msp.o
#        C:\Users\72457\Desktop\shiyan\EWARM\shiyan\Obj\stm32f1xx_hal_pwr.o
#        C:\Users\72457\Desktop\shiyan\EWARM\shiyan\Obj\stm32f1xx_hal_rcc.o
#        C:\Users\72457\Desktop\shiyan\EWARM\shiyan\Obj\stm32f1xx_hal_rcc_ex.o
#        C:\Users\72457\Desktop\shiyan\EWARM\shiyan\Obj\stm32f1xx_hal_spi.o
#        C:\Users\72457\Desktop\shiyan\EWARM\shiyan\Obj\stm32f1xx_hal_tim.o
#        C:\Users\72457\Desktop\shiyan\EWARM\shiyan\Obj\stm32f1xx_hal_tim_ex.o
#        C:\Users\72457\Desktop\shiyan\EWARM\shiyan\Obj\stm32f1xx_hal_timebase_tim.o
#        C:\Users\72457\Desktop\shiyan\EWARM\shiyan\Obj\stm32f1xx_hal_uart.o
#        C:\Users\72457\Desktop\shiyan\EWARM\shiyan\Obj\stm32f1xx_it.o
#        C:\Users\72457\Desktop\shiyan\EWARM\shiyan\Obj\stream_buffer.o
#        C:\Users\72457\Desktop\shiyan\EWARM\shiyan\Obj\system_stm32f1xx.o
#        C:\Users\72457\Desktop\shiyan\EWARM\shiyan\Obj\tasks.o
#        C:\Users\72457\Desktop\shiyan\EWARM\shiyan\Obj\tim.o
#        C:\Users\72457\Desktop\shiyan\EWARM\shiyan\Obj\timers.o
#        C:\Users\72457\Desktop\shiyan\EWARM\shiyan\Obj\usart.o
#        C:\Users\72457\Desktop\shiyan\EWARM\shiyan\Obj\W25Qx.o --redirect
#        _Printf=_PrintfFull --redirect _Scanf=_ScanfFull --no_out_extension -o
#        C:\Users\72457\Desktop\shiyan\EWARM\shiyan\Exe\shiyan.out --map
#        C:\Users\72457\Desktop\shiyan\EWARM\shiyan\List\shiyan.map --config
#        C:\Users\72457\Desktop\shiyan\EWARM\shiyan.icf --semihosting --entry
#        __iar_program_start --vfe --text_out locale)
#
###############################################################################

*******************************************************************************
*** RUNTIME MODEL ATTRIBUTES
***

CppFlavor       = *
__Heap_Handler  = DLMalloc
__SystemLibrary = DLib
__dlib_version  = 6


*******************************************************************************
*** HEAP SELECTION
***

The advanced heap was selected because the application calls memory
allocation functions outside of system library functions, and there
are calls to deallocation functions in the application.


*******************************************************************************
*** PLACEMENT SUMMARY
***

"A0":  place at 0x800'0000 { ro section .intvec };
"P1":  place in [from 0x800'0000 to 0x807'ffff] { ro };
define block CSTACK with size = 4K, alignment = 8 { };
define block HEAP with size = 8K, alignment = 8 { };
"P2":  place in [from 0x2000'0000 to 0x2000'ffff] {
          rw, block CSTACK, block HEAP };
initialize by copy { rw };

  Section            Kind         Address    Size  Object
  -------            ----         -------    ----  ------
"A0":                                       0x130
  .intvec            ro code   0x800'0000   0x130  startup_stm32f103xe.o [1]
                             - 0x800'0130   0x130

"P1":                                      0xe5b8
  .text              ro code   0x800'0130  0x1d24  dlmalloc.o [2]
  .text              ro code   0x800'1e54     0x6  abort.o [2]
  .text              ro code   0x800'1e5a    0x7a  lz77_init_single.o [4]
  .text              ro code   0x800'1ed4    0x2c  xgetmemchunk.o [2]
  .text              ro code   0x800'1f00    0x18  ABImemcpy_small.o [4]
  .text              ro code   0x800'1f18    0x14  exit.o [5]
  .text              ro code   0x800'1f2c   0xf46  xprintffull.o [2]
  .text              ro code   0x800'2e72    0x3a  zero_init3.o [4]
  .text              ro code   0x800'2eac   0x104  xlocale_c.o [2]
  .text              ro code   0x800'2fb0    0x16  strchr.o [4]
  .text              ro code   0x800'2fc6    0x26  xencoding_8859_1.o [2]
  .text              ro code   0x800'2fec    0x40  xfail_s.o [2]
  .text              ro code   0x800'302c    0x14  strlen_small.o [4]
  .text              ro code   0x800'3040    0x58  memchr.o [4]
  .text              ro code   0x800'3098     0xa  xmbcurmax.o [2]
  .text              ro code   0x800'30a2    0x1e  xsscin.o [2]
  .text              ro code   0x800'30c0   0x230  I64DivMod.o [4]
  .text              ro code   0x800'32f0   0x1a2  DblMul.o [3]
  .text              ro code   0x800'3492     0xa  xsprout.o [2]
  .text              ro code   0x800'349c    0x70  frexp.o [3]
  .text              ro code   0x800'350c    0x2e  DblCmpLe.o [3]
  .text              ro code   0x800'353c    0x2e  DblCmpGe.o [3]
  .text              ro code   0x800'356c   0x13a  ldexp.o [3]
  .text              ro code   0x800'36a8    0x3a  DblToS32.o [3]
  .text              ro code   0x800'36e4    0x22  S32ToDbl.o [3]
  .text              ro code   0x800'3708    0xe2  DblSub.o [3]
  .text              ro code   0x800'37ec   0x246  DblDiv.o [3]
  .text              ro code   0x800'3a34    0x28  DblToU32.o [3]
  .text              ro code   0x800'3a5c    0x1a  U32ToDbl.o [3]
  .text              ro code   0x800'3a78     0x2  I64DivZer.o [4]
  .text              ro code   0x800'3a7c   0x17a  DblAdd.o [3]
  .text              ro code   0x800'3bf8   0xee4  cJSON.o [1]
  .text              ro code   0x800'4adc     0x6  ABImemclr.o [4]
  .text              ro code   0x800'4ae4   0x40a  strto64.o [3]
  .text              ro code   0x800'4ef0     0x6  ABImemclr4.o [4]
  .text              ro code   0x800'4ef6    0x22  cJSON.o [1]
  .text              ro code   0x800'4f18    0x40  sprintf.o [2]
  .text              ro code   0x800'4f58    0x20  DblCmpEq.o [3]
  .text              ro code   0x800'4f78    0x28  sscanf.o [2]
  .text              ro code   0x800'4fa0    0x28  strncmp.o [2]
  .text              ro code   0x800'4fc8    0x28  printf.o [2]
  .text              ro code   0x800'4ff0    0x12  strcmp.o [4]
  .text              ro code   0x800'5002    0x14  tolower.o [2]
  .text              ro code   0x800'5018    0x12  ABImemset_small.o [4]
  .text              ro code   0x800'502a   0x122  iar_Stopfx.o [2]
  .text              ro code   0x800'514c   0x1c4  iar_Stoflt.o [2]
  .text              ro code   0x800'5310   0x21c  iar_Stoxflt.o [2]
  .text              ro code   0x800'552c    0x3a  ABImemset48.o [4]
  .text              ro code   0x800'5568   0xe58  xscanffull.o [2]
  .text              ro code   0x800'63c0    0x14  isspace.o [2]
  .text              ro code   0x800'63d4    0x14  isalpha.o [2]
  .text              ro code   0x800'63e8    0x3c  wctob.o [2]
  .text              ro code   0x800'6424    0x9e  iar_Stollx.o [2]
  .text              ro code   0x800'64c4   0x1b2  iar_Stoullx.o [2]
  .text              ro code   0x800'6678    0x68  DblToFlt.o [3]
  .text              ro code   0x800'66e0   0xbc4  tasks.o [1]
  .text              ro code   0x800'72a4   0x1bc  heap_4.o [1]
  .text              ro code   0x800'7460    0x92  list.o [1]
  .text              ro code   0x800'74f4   0x1b0  port.o [1]
  .text              ro code   0x800'76a4   0x330  freertos.o [1]
  .text              ro code   0x800'79d4   0x410  timers.o [1]
  .text              ro code   0x800'7de4    0x18  strcpy.o [4]
  CODE               ro code   0x800'7dfc    0x88  portasm.o [1]
  .text              ro code   0x800'7e84   0x150  cmsis_os.o [1]
  .text              ro code   0x800'7fd4   0x5c4  ec800_mqtt.o [1]
  .text              ro code   0x800'8598   0x674  ec800_at.o [1]
  .text              ro code   0x800'8c0c   0x1f0  stm32f1xx_hal_gpio.o [1]
  .text              ro code   0x800'8dfc   0x17c  pubdata.o [1]
  .text              ro code   0x800'8f78    0x62  stm32f1xx_hal_iwdg.o [1]
  .text              ro code   0x800'8fdc   0x728  queue.o [1]
  .text              ro code   0x800'9704     0x8  heaptramp0.o [2]
  .text              ro code   0x800'970c    0x1e  strncpy_small.o [4]
  .text              ro code   0x800'972c    0x4c  strtok.o [2]
  .text              ro code   0x800'9778    0x1a  strrchr.o [2]
  .text              ro code   0x800'9792    0x30  strstr.o [2]
  .text              ro code   0x800'97c4   0x14c  iar_Stoulx.o [2]
  .text              ro code   0x800'9910   0x8c4  stm32f1xx_hal_uart.o [1]
  .text              ro code   0x800'a1d4     0xc  stm32f1xx_hal.o [1]
  .text              ro code   0x800'a1e0    0x22  strspn.o [2]
  .text              ro code   0x800'a202    0x22  strcspn.o [2]
  .text              ro code   0x800'a224   0x294  usart.o [1]
  .text              ro code   0x800'a4b8   0x43e  stm32f1xx_hal_dma.o [1]
  .text              ro code   0x800'a8f6     0x2  stm32f1xx_hal_uart.o [1]
  .text              ro code   0x800'a8f8     0x2  stm32f1xx_hal_uart.o [1]
  .text              ro code   0x800'a8fa     0x2  stm32f1xx_hal_uart.o [1]
  .text              ro code   0x800'a8fc   0x954  gps.o [1]
  .text              ro code   0x800'b250     0x2  stm32f1xx_hal_uart.o [1]
  .text              ro code   0x800'b254   0x4fe  stm32f1xx_hal_rcc.o [1]
  .text              ro code   0x800'b754   0x114  main.o [1]
  .text              ro code   0x800'b868    0x98  stm32f1xx_hal_cortex.o [1]
  .text              ro code   0x800'b900    0x1c  U32ToFlt.o [3]
  .text              ro code   0x800'b91c    0xd8  FltMul.o [3]
  .text              ro code   0x800'b9f4    0xfc  FltDiv.o [3]
  .text              ro code   0x800'baf0    0xe2  FltAdd.o [3]
  .text              ro code   0x800'bbd4    0x22  FltToU32.o [3]
  .text              ro code   0x800'bbf8    0x28  stm32f1xx_hal.o [1]
  .text              ro code   0x800'bc20    0x48  FltToDbl.o [3]
  .text              ro code   0x800'bc68    0x78  stm32f1xx_hal_timebase_tim.o [1]
  .text              ro code   0x800'bce0    0x24  stm32f1xx_hal.o [1]
  .text              ro code   0x800'bd04   0x130  gpio.o [1]
  .text              ro code   0x800'be34   0x21c  tim.o [1]
  .text              ro code   0x800'c050    0x98  i2c.o [1]
  .text              ro code   0x800'c0e8    0xb4  spi.o [1]
  .text              ro code   0x800'c19c    0x50  dma.o [1]
  .text              ro code   0x800'c1ec    0x2c  iwdg.o [1]
  .text              ro code   0x800'c218    0x9c  W25Qx.o [1]
  .text              ro code   0x800'c2b4    0x10  stm32f1xx_hal.o [1]
  .text              ro code   0x800'c2c4   0x716  stm32f1xx_hal_tim.o [1]
  .text              ro code   0x800'c9dc    0x74  FltSub.o [3]
  .text              ro code   0x800'ca50    0x4c  stm32f1xx_hal_msp.o [1]
  .text              ro code   0x800'ca9c    0x78  stm32f1xx_hal_tim_ex.o [1]
  .text              ro code   0x800'cb14   0x99c  stm32f1xx_hal_i2c.o [1]
  .text              ro code   0x800'd4b0   0x694  stm32f1xx_hal_spi.o [1]
  .text              ro code   0x800'db44     0x2  stm32f1xx_hal_tim.o [1]
  .text              ro code   0x800'db48    0xb2  chaochengbo.o [1]
  .text              ro code   0x800'dbfa     0x2  stm32f1xx_hal_tim.o [1]
  .text              ro code   0x800'dbfc     0x2  stm32f1xx_hal_tim_ex.o [1]
  .text              ro code   0x800'dbfe     0x2  stm32f1xx_hal_tim.o [1]
  .text              ro code   0x800'dc00     0x2  stm32f1xx_hal_tim_ex.o [1]
  .text              ro code   0x800'dc02     0x2  stm32f1xx_hal_tim.o [1]
  .text              ro code   0x800'dc04   0x1a4  mpu6050.o [1]
  .text              ro code   0x800'dda8    0xe4  stm32f1xx_it.o [1]
  .rodata            const     0x800'de8c    0x88  gps.o [1]
  .rodata            const     0x800'df14    0x80  freertos.o [1]
  .rodata            const     0x800'df94    0x64  ec800_at.o [1]
  .rodata            const     0x800'dff8    0x50  iar_Stoulx.o [2]
  .rodata            const     0x800'e048    0x50  iar_Stoullx.o [2]
  .rodata            const     0x800'e098    0x4c  xscanffull.o [2]
  .text              ro code   0x800'e0e4    0x14  system_stm32f1xx.o [1]
  .rodata            const     0x800'e0f8    0x48  strto64.o [3]
  .rodata            const     0x800'e140    0x28  xscanffull.o [2]
  .text              ro code   0x800'e168    0x28  data_init.o [4]
  .iar.init_table    const     0x800'e190    0x20  - Linker created -
  .text              ro code   0x800'e1b0    0x1e  cmain.o [4]
  .text              ro code   0x800'e1ce     0x4  low_level_init.o [2]
  .text              ro code   0x800'e1d2     0x4  exit.o [2]
  .text              ro code   0x800'e1d8     0xa  cexit.o [4]
  .text              ro code   0x800'e1e2    0x16  xprout.o [2]
  .text              ro code   0x800'e1f8     0xc  putchar.o [2]
  .text              ro code   0x800'e204    0x10  startup_stm32f103xe.o [1]
  .text              ro code   0x800'e214     0xc  rc522.o [1]
  .text              ro code   0x800'e220     0xc  cstartup_M.o [4]
  .rodata            const     0x800'e22c     0x8  system_stm32f1xx.o [1]
  .rodata            const     0x800'e234     0x6  xlocale_c.o [2]
  .text              ro code   0x800'e23a     0x4  startup_stm32f103xe.o [1]
  .text              ro code   0x800'e23e     0x4  startup_stm32f103xe.o [1]
  .text              ro code   0x800'e242     0x4  startup_stm32f103xe.o [1]
  .text              ro code   0x800'e246     0x4  startup_stm32f103xe.o [1]
  .text              ro code   0x800'e24a     0x4  startup_stm32f103xe.o [1]
  .text              ro code   0x800'e24e     0x4  startup_stm32f103xe.o [1]
  .text              ro code   0x800'e252     0x4  startup_stm32f103xe.o [1]
  .text              ro code   0x800'e256     0x4  startup_stm32f103xe.o [1]
  .text              ro code   0x800'e25a     0x4  startup_stm32f103xe.o [1]
  .text              ro code   0x800'e25e     0x4  startup_stm32f103xe.o [1]
  .text              ro code   0x800'e262     0x4  startup_stm32f103xe.o [1]
  .text              ro code   0x800'e266     0x4  startup_stm32f103xe.o [1]
  .text              ro code   0x800'e26a     0x4  startup_stm32f103xe.o [1]
  .text              ro code   0x800'e26e     0x4  startup_stm32f103xe.o [1]
  .text              ro code   0x800'e272     0x4  startup_stm32f103xe.o [1]
  .text              ro code   0x800'e276     0x4  startup_stm32f103xe.o [1]
  .text              ro code   0x800'e27a     0x4  startup_stm32f103xe.o [1]
  .text              ro code   0x800'e27e     0x4  startup_stm32f103xe.o [1]
  .text              ro code   0x800'e282     0x4  startup_stm32f103xe.o [1]
  .text              ro code   0x800'e286     0x4  startup_stm32f103xe.o [1]
  .text              ro code   0x800'e28a     0x4  startup_stm32f103xe.o [1]
  .text              ro code   0x800'e28e     0x4  startup_stm32f103xe.o [1]
  .text              ro code   0x800'e292     0x4  startup_stm32f103xe.o [1]
  .text              ro code   0x800'e296     0x4  startup_stm32f103xe.o [1]
  .text              ro code   0x800'e29a     0x4  startup_stm32f103xe.o [1]
  .text              ro code   0x800'e29e     0x4  startup_stm32f103xe.o [1]
  .text              ro code   0x800'e2a2     0x4  startup_stm32f103xe.o [1]
  .text              ro code   0x800'e2a6     0x4  startup_stm32f103xe.o [1]
  .text              ro code   0x800'e2aa     0x4  startup_stm32f103xe.o [1]
  .text              ro code   0x800'e2ae     0x4  startup_stm32f103xe.o [1]
  .text              ro code   0x800'e2b2     0x4  startup_stm32f103xe.o [1]
  .text              ro code   0x800'e2b6     0x4  startup_stm32f103xe.o [1]
  .text              ro code   0x800'e2ba     0x4  startup_stm32f103xe.o [1]
  .text              ro code   0x800'e2be     0x4  startup_stm32f103xe.o [1]
  .text              ro code   0x800'e2c2     0x4  startup_stm32f103xe.o [1]
  .text              ro code   0x800'e2c6     0x4  startup_stm32f103xe.o [1]
  .text              ro code   0x800'e2ca     0x4  startup_stm32f103xe.o [1]
  .text              ro code   0x800'e2ce     0x4  startup_stm32f103xe.o [1]
  .text              ro code   0x800'e2d2     0x4  startup_stm32f103xe.o [1]
  .text              ro code   0x800'e2d6     0x4  startup_stm32f103xe.o [1]
  .text              ro code   0x800'e2da     0x4  startup_stm32f103xe.o [1]
  .text              ro code   0x800'e2de     0x4  startup_stm32f103xe.o [1]
  .text              ro code   0x800'e2e2     0x4  startup_stm32f103xe.o [1]
  .text              ro code   0x800'e2e6     0x4  startup_stm32f103xe.o [1]
  .text              ro code   0x800'e2ea     0x4  startup_stm32f103xe.o [1]
  .text              ro code   0x800'e2ee     0x4  startup_stm32f103xe.o [1]
  .text              ro code   0x800'e2f2     0x4  startup_stm32f103xe.o [1]
  .text              ro code   0x800'e2f6     0x4  startup_stm32f103xe.o [1]
  .text              ro code   0x800'e2fa     0x4  startup_stm32f103xe.o [1]
  .text              ro code   0x800'e2fe     0x4  startup_stm32f103xe.o [1]
  .text              ro code   0x800'e302     0x4  startup_stm32f103xe.o [1]
  .rodata            const     0x800'e306     0x0  zero_init3.o [4]
  .rodata            const     0x800'e306     0x0  lz77_init_single.o [4]
  Initializer bytes  const     0x800'e306   0x3e2  <for P2-1>
                             - 0x800'e6e8  0xe5b8

"P2", part 1 of 3:                         0x2318
  P2-1                        0x2000'0000  0x2318  <Init block>
    .data            inited   0x2000'0000    0x60  pubdata.o [1]
    .data            inited   0x2000'0060    0x14  cJSON.o [1]
    .data            inited   0x2000'0074  0x2188  ec800_at.o [1]
    .data            inited   0x2000'21fc    0x28  ec800_at.o [1]
    .data            inited   0x2000'2224    0x10  ec800_mqtt.o [1]
    .data            inited   0x2000'2234     0xc  port.o [1]
    .data            inited   0x2000'2240     0xc  stm32f1xx_hal.o [1]
    .data            inited   0x2000'224c     0x4  system_stm32f1xx.o [1]
    .data            inited   0x2000'2250    0x38  xlocale_c.o [2]
    .data            inited   0x2000'2288    0x48  xlocale_c.o [2]
    .data            inited   0x2000'22d0    0x48  xfiles.o [2]
                            - 0x2000'2318  0x2318

"P2", part 2 of 3:                         0x6e5c
  .bss               zero     0x2000'2318  0x4e40  heap_4.o [1]
  .bss               zero     0x2000'7158   0x45c  freertos.o [1]
  .bss               zero     0x2000'75b4   0x400  gps.o [1]
  .bss               zero     0x2000'79b4   0x400  gps.o [1]
  .bss               zero     0x2000'7db4   0x400  gps.o [1]
  .bss               zero     0x2000'81b4   0x25c  freertos.o [1]
  .bss               zero     0x2000'8410   0x204  freertos.o [1]
  .bss               zero     0x2000'8614   0x1f8  ec800_mqtt.o [1]
  .bss               zero     0x2000'880c   0x1d8  dlmalloc.o [2]
  .bss               zero     0x2000'89e4   0x104  timers.o [1]
  .bss               zero     0x2000'8ae8    0xb4  gps.o [1]
  .bss               zero     0x2000'8b9c    0x9c  tasks.o [1]
  .bss               zero     0x2000'8c38    0x8c  tasks.o [1]
  .bss               zero     0x2000'8cc4    0x88  usart.o [1]
  .bss               zero     0x2000'8d4c    0x58  spi.o [1]
  .bss               zero     0x2000'8da4    0x54  i2c.o [1]
  .bss               zero     0x2000'8df8    0x50  xfiles.o [2]
  .bss               zero     0x2000'8e48    0x48  stm32f1xx_hal_timebase_tim.o [1]
  .bss               zero     0x2000'8e90    0x48  tim.o [1]
  .bss               zero     0x2000'8ed8    0x48  tim.o [1]
  .bss               zero     0x2000'8f20    0x48  tim.o [1]
  .bss               zero     0x2000'8f68    0x48  usart.o [1]
  .bss               zero     0x2000'8fb0    0x48  usart.o [1]
  .bss               zero     0x2000'8ff8    0x48  usart.o [1]
  .bss               zero     0x2000'9040    0x48  usart.o [1]
  .bss               zero     0x2000'9088    0x40  queue.o [1]
  .bss               zero     0x2000'90c8    0x34  freertos.o [1]
  .bss               zero     0x2000'90fc     0xc  iwdg.o [1]
  .bss               zero     0x2000'9108    0x18  chaochengbo.o [1]
  .bss               zero     0x2000'9120    0x18  dlmalloc.o [2]
  .bss               zero     0x2000'9138    0x10  pubdata.o [1]
  .bss               zero     0x2000'9148     0xe  gps.o [1]
  .bss               zero     0x2000'9158     0xc  mpu6050.o [1]
  .bss               zero     0x2000'9164     0x4  freertos.o [1]
  .bss               zero     0x2000'9168     0x4  strtok.o [2]
  .bss               zero     0x2000'916c     0x4  xgetmemchunk.o [2]
  .bss               zero     0x2000'9170     0x4  xfail_s.o [2]
                            - 0x2000'9174  0x6e5c

"P2", part 3 of 3:                         0x3000
  CSTACK                      0x2000'9178  0x1000  <Block>
    CSTACK           uninit   0x2000'9178  0x1000  <Block tail>
  HEAP                        0x2000'a178  0x2000  <Block>
    HEAP             uninit   0x2000'a178  0x2000  <Block tail>
                            - 0x2000'c178  0x3000

Unused ranges:

         From           To      Size
         ----           --      ----
   0x800'e6e8   0x807'ffff  0x7'1918
  0x2000'9174  0x2000'9177       0x4
  0x2000'c178  0x2000'ffff    0x3e88


*******************************************************************************
*** INIT TABLE
***

          Address      Size
          -------      ----
Zero (__iar_zero_init3)
    1 destination range, total size 0x6e5c:
          0x2000'2318  0x6e5c

Copy/lz77 (__iar_lz77_init_single3)
    1 source range, total size 0x3e2 (11% of destination):
           0x800'e306   0x3e2
    1 destination range, total size 0x2318:
          0x2000'0000  0x2318



*******************************************************************************
*** MODULE SUMMARY
***

    Module                        ro code  ro data  rw data
    ------                        -------  -------  -------
command line/config:
    -------------------------------------------------------
    Total:

C:\Users\72457\Desktop\shiyan\EWARM\shiyan\Obj: [1]
    W25Qx.o                           156
    cJSON.o                         3 846        2       20
    chaochengbo.o                     178                24
    cmsis_os.o                        336
    dma.o                              80
    ec800_at.o                      1 652    1 055    8 624
    ec800_mqtt.o                    1 476        1      520
    freertos.o                        816      128    2 292
    gpio.o                            304
    gps.o                           2 388      136    3 266
    heap_4.o                          444            20 032
    i2c.o                             152                84
    iwdg.o                             44                12
    list.o                            146
    main.o                            276
    mpu6050.o                         420                12
    port.o                            432        2       12
    portasm.o                         136
    pubdata.o                         380       10      112
    queue.o                         1 832                64
    rc522.o                            12
    spi.o                             180                88
    startup_stm32f103xe.o             524
    stm32f1xx_hal.o                   104        1       12
    stm32f1xx_hal_cortex.o            152
    stm32f1xx_hal_dma.o             1 086
    stm32f1xx_hal_gpio.o              496
    stm32f1xx_hal_i2c.o             2 460
    stm32f1xx_hal_iwdg.o               98
    stm32f1xx_hal_msp.o                76
    stm32f1xx_hal_rcc.o             1 278
    stm32f1xx_hal_spi.o             1 684
    stm32f1xx_hal_tim.o             1 822
    stm32f1xx_hal_tim_ex.o            124
    stm32f1xx_hal_timebase_tim.o      120                72
    stm32f1xx_hal_uart.o            2 252
    stm32f1xx_it.o                    228
    system_stm32f1xx.o                 20        8        4
    tasks.o                         3 012               296
    tim.o                             540               216
    timers.o                        1 040               260
    usart.o                           660               424
    -------------------------------------------------------
    Total:                         33 462    1 343   36 446

dl7M_tlf.a: [2]
    abort.o                             6
    dlmalloc.o                      7 460               496
    exit.o                              4
    heaptramp0.o                        8
    iar_Stoflt.o                      452
    iar_Stollx.o                      158
    iar_Stopfx.o                      290
    iar_Stoullx.o                     434       80
    iar_Stoulx.o                      332       80
    iar_Stoxflt.o                     540
    isalpha.o                          20
    isspace.o                          20
    low_level_init.o                    4
    printf.o                           40
    putchar.o                          12
    sprintf.o                          64
    sscanf.o                           40
    strcspn.o                          34
    strncmp.o                          40
    strrchr.o                          26
    strspn.o                           34
    strstr.o                           48
    strtok.o                           76                 4
    tolower.o                          20
    wctob.o                            60
    xencoding_8859_1.o                 38
    xfail_s.o                          64                 4
    xfiles.o                                     7      152
    xgetmemchunk.o                     44                 4
    xlocale_c.o                       260       21      128
    xmbcurmax.o                        10
    xprintffull.o                   3 910
    xprout.o                           22
    xscanffull.o                    3 672      116
    xsprout.o                          10
    xsscin.o                           30
    -------------------------------------------------------
    Total:                         18 282      304      788

m7M_tl.a: [3]
    DblAdd.o                          378
    DblCmpEq.o                         32
    DblCmpGe.o                         46
    DblCmpLe.o                         46
    DblDiv.o                          582
    DblMul.o                          418
    DblSub.o                          226
    DblToFlt.o                        104
    DblToS32.o                         58
    DblToU32.o                         40
    FltAdd.o                          226
    FltDiv.o                          252
    FltMul.o                          216
    FltSub.o                          116
    FltToDbl.o                         72
    FltToU32.o                         34
    S32ToDbl.o                         34
    U32ToDbl.o                         26
    U32ToFlt.o                         28
    frexp.o                           112
    ldexp.o                           314
    strto64.o                       1 034       72
    -------------------------------------------------------
    Total:                          4 394       72

rt7M_tl.a: [4]
    ABImemclr.o                         6
    ABImemclr4.o                        6
    ABImemcpy_small.o                  24
    ABImemset48.o                      58
    ABImemset_small.o                  18
    I64DivMod.o                       560
    I64DivZer.o                         2
    cexit.o                            10
    cmain.o                            30
    cstartup_M.o                       12
    data_init.o                        40
    lz77_init_single.o                122
    memchr.o                           88
    strchr.o                           22
    strcmp.o                           18
    strcpy.o                           24
    strlen_small.o                     20
    strncpy_small.o                    30
    zero_init3.o                       58
    -------------------------------------------------------
    Total:                          1 148

shb_l.a: [5]
    exit.o                             20
    -------------------------------------------------------
    Total:                             20

    Gaps                               54                 2
    Linker created                              33   12 288
-----------------------------------------------------------
    Grand Total:                   57 360    1 752   49 524


*******************************************************************************
*** ENTRY LIST
***

Entry                       Address    Size  Type      Object
-----                       -------    ----  ----      ------
.iar.init_table$$Base    0x800'e190           --   Gb  - Linker created -
.iar.init_table$$Limit   0x800'e1b0           --   Gb  - Linker created -
?main                    0x800'e1b1          Code  Gb  cmain.o [4]
AHBPrescTable            0x800'e0e8    0x10  Data  Gb  system_stm32f1xx.o [1]
APBPrescTable            0x800'e22c     0x8  Data  Gb  system_stm32f1xx.o [1]
AT_commend_receive      0x2000'1a1c   0x5dc  Data  Lc  ec800_at.o [1]
AT_commend_send         0x2000'02ac  0x1770  Data  Gb  ec800_at.o [1]
BSP_W25Qx_GetStatus      0x800'c241    0x48  Code  Lc  W25Qx.o [1]
BSP_W25Qx_Init           0x800'c219    0x28  Code  Gb  W25Qx.o [1]
BusFault_Handler         0x800'ddaf     0x2  Code  Gb  stm32f1xx_it.o [1]
CSTACK$$Base            0x2000'9178           --   Gb  - Linker created -
CSTACK$$Limit           0x2000'a178           --   Gb  - Linker created -
CacheMore                0x800'2eed    0x24  Code  Lc  xlocale_c.o [2]
Card_Task                0x800'e215     0xc  Code  Gb  rc522.o [1]
DMA1_Channel5_IRQHandler
                         0x800'ddbb     0x6  Code  Gb  stm32f1xx_it.o [1]
DMA2_Channel3_IRQHandler
                         0x800'de5d     0x6  Code  Gb  stm32f1xx_it.o [1]
DMA_SetConfig            0x800'a8d5    0x22  Code  Lc  stm32f1xx_hal_dma.o [1]
DebugMon_Handler         0x800'ddb3     0x2  Code  Gb  stm32f1xx_it.o [1]
Dtentox                  0x800'4be9   0x178  Code  Lc  strto64.o [3]
EC800_4G_ReceQueueHandle
                        0x2000'90c8     0x4  Data  Gb  freertos.o [1]
EC800_receive_task       0x800'8599    0xc6  Code  Gb  ec800_at.o [1]
EC800_receive_taskHandle
                        0x2000'90e0     0x4  Data  Gb  freertos.o [1]
EC800_send_task          0x800'8665    0x40  Code  Gb  ec800_at.o [1]
EC800_send_taskHandle   0x2000'90e4     0x4  Data  Gb  freertos.o [1]
EXTI1_IRQHandler         0x800'ddb5     0x6  Code  Gb  stm32f1xx_it.o [1]
Error_Handler            0x800'b865     0x4  Code  Gb  main.o [1]
GPS_Analysis             0x800'adff    0x2c  Code  Gb  gps.o [1]
GpsDataRead              0x800'b0b5    0x40  Code  Gb  gps.o [1]
Gps_Msg_Show             0x800'b00d    0xa8  Code  Gb  gps.o [1]
Gps_task                 0x800'b0f5    0xc8  Code  Gb  gps.o [1]
Gps_taskHandle          0x2000'90dc     0x4  Data  Gb  freertos.o [1]
HAL_DMA_Abort            0x800'a5ad    0x4a  Code  Gb  stm32f1xx_hal_dma.o [1]
HAL_DMA_Abort_IT         0x800'a5f7    0xdc  Code  Gb  stm32f1xx_hal_dma.o [1]
HAL_DMA_IRQHandler       0x800'a6d3   0x1bc  Code  Gb  stm32f1xx_hal_dma.o [1]
HAL_DMA_Init             0x800'a4b9    0x80  Code  Gb  stm32f1xx_hal_dma.o [1]
HAL_DMA_Start_IT         0x800'a539    0x74  Code  Gb  stm32f1xx_hal_dma.o [1]
HAL_Delay                0x800'bbf9    0x28  Code  Wk  stm32f1xx_hal.o [1]
HAL_GPIO_EXTI_Callback   0x800'780f    0x1c  Code  Gb  freertos.o [1]
HAL_GPIO_EXTI_IRQHandler
                         0x800'8da9    0x10  Code  Gb  stm32f1xx_hal_gpio.o [1]
HAL_GPIO_Init            0x800'8c0d   0x194  Code  Gb  stm32f1xx_hal_gpio.o [1]
HAL_GPIO_WritePin        0x800'8da1     0x8  Code  Gb  stm32f1xx_hal_gpio.o [1]
HAL_GetTick              0x800'a1d5     0xc  Code  Wk  stm32f1xx_hal.o [1]
HAL_I2C_Init             0x800'cb15   0x12c  Code  Gb  stm32f1xx_hal_i2c.o [1]
HAL_I2C_Mem_Read         0x800'cdd5   0x160  Code  Gb  stm32f1xx_hal_i2c.o [1]
HAL_I2C_Mem_Write        0x800'cc8b    0xd4  Code  Gb  stm32f1xx_hal_i2c.o [1]
HAL_I2C_MspInit          0x800'c081    0x54  Code  Gb  i2c.o [1]
HAL_IWDG_Init            0x800'8f79    0x56  Code  Gb  stm32f1xx_hal_iwdg.o [1]
HAL_IWDG_Refresh         0x800'8fcf     0xc  Code  Gb  stm32f1xx_hal_iwdg.o [1]
HAL_IncTick              0x800'c2b5    0x10  Code  Wk  stm32f1xx_hal.o [1]
HAL_Init                 0x800'bce1    0x20  Code  Gb  stm32f1xx_hal.o [1]
HAL_InitTick             0x800'bc69    0x68  Code  Gb  stm32f1xx_hal_timebase_tim.o [1]
HAL_MspInit              0x800'ca51    0x4c  Code  Gb  stm32f1xx_hal_msp.o [1]
HAL_NVIC_EnableIRQ       0x800'b8d7    0x16  Code  Gb  stm32f1xx_hal_cortex.o [1]
HAL_NVIC_SetPriority     0x800'b89d    0x3a  Code  Gb  stm32f1xx_hal_cortex.o [1]
HAL_NVIC_SetPriorityGrouping
                         0x800'b883    0x1a  Code  Gb  stm32f1xx_hal_cortex.o [1]
HAL_RCC_ClockConfig      0x800'b575    0xf4  Code  Gb  stm32f1xx_hal_rcc.o [1]
HAL_RCC_GetClockConfig   0x800'b6db    0x36  Code  Gb  stm32f1xx_hal_rcc.o [1]
HAL_RCC_GetPCLK1Freq     0x800'b6b7    0x10  Code  Gb  stm32f1xx_hal_rcc.o [1]
HAL_RCC_GetPCLK2Freq     0x800'b6c7     0xe  Code  Gb  stm32f1xx_hal_rcc.o [1]
HAL_RCC_GetSysClockFreq
                         0x800'b67d    0x3a  Code  Gb  stm32f1xx_hal_rcc.o [1]
HAL_RCC_GetSysClockFreq::aPLLMULFactorTable
                         0x800'b740    0x10  Data  Lc  stm32f1xx_hal_rcc.o [1]
HAL_RCC_GetSysClockFreq::aPredivFactorTable
                         0x800'b750     0x2  Data  Lc  stm32f1xx_hal_rcc.o [1]
HAL_RCC_OscConfig        0x800'b255   0x318  Code  Gb  stm32f1xx_hal_rcc.o [1]
HAL_SPI_Init             0x800'd4b1    0xaa  Code  Gb  stm32f1xx_hal_spi.o [1]
HAL_SPI_MspInit          0x800'c125    0x68  Code  Gb  spi.o [1]
HAL_SPI_Receive          0x800'd6c1   0x11c  Code  Gb  stm32f1xx_hal_spi.o [1]
HAL_SPI_Transmit         0x800'd567   0x15a  Code  Gb  stm32f1xx_hal_spi.o [1]
HAL_SPI_TransmitReceive
                         0x800'd803   0x1e0  Code  Gb  stm32f1xx_hal_spi.o [1]
HAL_TIMEx_BreakCallback
                         0x800'dbfd     0x2  Code  Wk  stm32f1xx_hal_tim_ex.o [1]
HAL_TIMEx_CommutCallback
                         0x800'dc01     0x2  Code  Wk  stm32f1xx_hal_tim_ex.o [1]
HAL_TIMEx_MasterConfigSynchronization
                         0x800'ca9d    0x62  Code  Gb  stm32f1xx_hal_tim_ex.o [1]
HAL_TIM_Base_Init        0x800'c2c5    0x1a  Code  Gb  stm32f1xx_hal_tim.o [1]
HAL_TIM_Base_MspInit     0x800'bf7d    0xa0  Code  Gb  tim.o [1]
HAL_TIM_Base_Start_IT    0x800'c2df    0x6c  Code  Gb  stm32f1xx_hal_tim.o [1]
HAL_TIM_Base_Stop_IT     0x800'c34b    0x1e  Code  Gb  stm32f1xx_hal_tim.o [1]
HAL_TIM_ConfigClockSource
                         0x800'c74f    0xaa  Code  Gb  stm32f1xx_hal_tim.o [1]
HAL_TIM_IC_CaptureCallback
                         0x800'db49    0x92  Code  Gb  chaochengbo.o [1]
HAL_TIM_IC_ConfigChannel
                         0x800'c635   0x102  Code  Gb  stm32f1xx_hal_tim.o [1]
HAL_TIM_IC_Init          0x800'c40d    0x1c  Code  Gb  stm32f1xx_hal_tim.o [1]
HAL_TIM_IC_Start_IT      0x800'c431    0xc2  Code  Gb  stm32f1xx_hal_tim.o [1]
HAL_TIM_IRQHandler       0x800'c505   0x12a  Code  Gb  stm32f1xx_hal_tim.o [1]
HAL_TIM_PeriodElapsedCallback
                         0x800'b803    0x4a  Code  Gb  main.o [1]
HAL_TIM_ReadCapturedValue
                         0x800'c813    0x2c  Code  Gb  stm32f1xx_hal_tim.o [1]
HAL_UART_DMAStop         0x800'9a95    0x50  Code  Gb  stm32f1xx_hal_uart.o [1]
HAL_UART_IRQHandler      0x800'9b19   0x26a  Code  Gb  stm32f1xx_hal_uart.o [1]
HAL_UART_Init            0x800'9911    0x1e  Code  Gb  stm32f1xx_hal_uart.o [1]
HAL_UART_MspInit         0x800'a28f   0x1aa  Code  Gb  usart.o [1]
HAL_UART_Receive_DMA     0x800'9a57    0x26  Code  Gb  stm32f1xx_hal_uart.o [1]
HAL_UART_Receive_IT      0x800'9a31    0x26  Code  Gb  stm32f1xx_hal_uart.o [1]
HAL_UART_RxCpltCallback
                         0x800'a93b    0x38  Code  Gb  gps.o [1]
HAL_UART_Transmit        0x800'998b    0x9e  Code  Gb  stm32f1xx_hal_uart.o [1]
HEAP$$Base              0x2000'a178           --   Gb  - Linker created -
HEAP$$Limit             0x2000'c178           --   Gb  - Linker created -
HardFault_Handler        0x800'ddab     0x2  Code  Gb  stm32f1xx_it.o [1]
I2C_IsAcknowledgeFailed
                         0x800'd485    0x2c  Code  Lc  stm32f1xx_hal_i2c.o [1]
I2C_RequestMemoryRead    0x800'd183    0xaa  Code  Lc  stm32f1xx_hal_i2c.o [1]
I2C_RequestMemoryWrite   0x800'd0f3    0x86  Code  Lc  stm32f1xx_hal_i2c.o [1]
I2C_WaitOnBTFFlagUntilTimeout
                         0x800'd3d5    0x40  Code  Lc  stm32f1xx_hal_i2c.o [1]
I2C_WaitOnFlagUntilTimeout
                         0x800'd271    0x68  Code  Lc  stm32f1xx_hal_i2c.o [1]
I2C_WaitOnMasterAddressFlagUntilTimeout
                         0x800'd2d9    0x96  Code  Lc  stm32f1xx_hal_i2c.o [1]
I2C_WaitOnRXNEFlagUntilTimeout
                         0x800'd42f    0x56  Code  Lc  stm32f1xx_hal_i2c.o [1]
I2C_WaitOnTXEFlagUntilTimeout
                         0x800'd395    0x40  Code  Lc  stm32f1xx_hal_i2c.o [1]
IC_VALUE1               0x2000'911c     0x4  Data  Gb  chaochengbo.o [1]
IC_VALUE2               0x2000'9118     0x4  Data  Gb  chaochengbo.o [1]
IDWG_task                0x800'787f    0x14  Code  Gb  freertos.o [1]
IDWG_taskHandle         0x2000'90e8     0x4  Data  Gb  freertos.o [1]
LoadInt                  0x800'20ef    0x7a  Code  Lc  xprintffull.o [2]
MPU6050                 0x2000'9158     0xc  Data  Gb  mpu6050.o [1]
MPU6050_Init             0x800'dc05    0x6c  Code  Gb  mpu6050.o [1]
MPU_Get_RAW_Accelerometer
                         0x800'dc9b     0xa  Code  Gb  mpu6050.o [1]
MPU_Get_RAW_Gyroscope    0x800'dc8f     0xc  Code  Gb  mpu6050.o [1]
MX_DMA_Init              0x800'c19d    0x50  Code  Gb  dma.o [1]
MX_FREERTOS_Init         0x800'76c9    0x70  Code  Gb  freertos.o [1]
MX_GPIO_Init             0x800'bd05    0xfc  Code  Gb  gpio.o [1]
MX_I2C1_Init             0x800'c051    0x30  Code  Gb  i2c.o [1]
MX_IWDG_Init             0x800'c1ed    0x2c  Code  Gb  iwdg.o [1]
MX_SPI1_Init             0x800'c0e9    0x3c  Code  Gb  spi.o [1]
MX_TIM2_Init             0x800'be35    0x96  Code  Gb  tim.o [1]
MX_TIM3_Init             0x800'bed5    0x5a  Code  Gb  tim.o [1]
MX_TIM7_Init             0x800'bf45    0x38  Code  Gb  tim.o [1]
MX_UART4_Init            0x800'a225    0x10  Code  Gb  usart.o [1]
MX_USART1_UART_Init      0x800'a235    0x10  Code  Gb  usart.o [1]
MX_USART2_UART_Init      0x800'a269    0x16  Code  Gb  usart.o [1]
MX_USART3_UART_Init      0x800'a27f    0x10  Code  Gb  usart.o [1]
MemManage_Handler        0x800'ddad     0x2  Code  Gb  stm32f1xx_it.o [1]
Mpu6050TaskHandle       0x2000'90d0     0x4  Data  Gb  freertos.o [1]
Mpu6050_Task             0x800'dcf9    0x90  Code  Gb  mpu6050.o [1]
Mutex_flagHandle        0x2000'90f4     0x4  Data  Gb  freertos.o [1]
Mutex_ziyuanHandle      0x2000'90f8     0x4  Data  Gb  freertos.o [1]
NMEA_Comma_Pos           0x800'a9a1    0x30  Code  Gb  gps.o [1]
NMEA_GPGGA_Analysis      0x800'ab57    0x4a  Code  Gb  gps.o [1]
NMEA_GPGSA_Analysis      0x800'aba1    0x74  Code  Gb  gps.o [1]
NMEA_GPGSV_Analysis      0x800'aa99    0xb2  Code  Gb  gps.o [1]
NMEA_GPRMC_Analysis      0x800'ac1b   0x15e  Code  Gb  gps.o [1]
NMEA_GPVTG_Analysis      0x800'adb9    0x40  Code  Gb  gps.o [1]
NMEA_Pow                 0x800'a9d1    0x14  Code  Gb  gps.o [1]
NMEA_Str2num             0x800'a9e5    0xb4  Code  Gb  gps.o [1]
NMI_Handler              0x800'dda9     0x2  Code  Gb  stm32f1xx_it.o [1]
PendSV_Handler           0x800'7dfd          Code  Gb  portasm.o [1]
Region$$Table$$Base      0x800'e190           --   Gb  - Linker created -
Region$$Table$$Limit     0x800'e1b0           --   Gb  - Linker created -
SPI_EndRxTransaction     0x800'dabf    0x4a  Code  Lc  stm32f1xx_hal_spi.o [1]
SPI_EndRxTxTransaction   0x800'db09    0x2c  Code  Lc  stm32f1xx_hal_spi.o [1]
SPI_WaitFlagStateUntilTimeout
                         0x800'da09    0xb6  Code  Lc  stm32f1xx_hal_spi.o [1]
SVC_Handler              0x800'7e43          Code  Gb  portasm.o [1]
StartDefaultTask         0x800'7739    0xc2  Code  Gb  freertos.o [1]
SysTick_Handler          0x800'760d    0x1c  Code  Gb  port.o [1]
SystemClock_Config       0x800'b79d    0x66  Code  Gb  main.o [1]
SystemCoreClock         0x2000'224c     0x4  Data  Gb  system_stm32f1xx.o [1]
SystemInit               0x800'e0e5     0x2  Code  Gb  system_stm32f1xx.o [1]
TIM2_IRQHandler          0x800'ddc1     0x6  Code  Gb  stm32f1xx_it.o [1]
TIM6_IRQHandler          0x800'de47    0x10  Code  Gb  stm32f1xx_it.o [1]
TIM7_IRQHandler          0x800'de57     0x6  Code  Gb  stm32f1xx_it.o [1]
TIM_Base_SetConfig       0x800'c83f    0x82  Code  Gb  stm32f1xx_hal_tim.o [1]
TIM_CCxChannelCmd        0x800'c9bf    0x16  Code  Gb  stm32f1xx_hal_tim.o [1]
TIM_ETR_SetConfig        0x800'c9ab    0x14  Code  Gb  stm32f1xx_hal_tim.o [1]
TIM_ITRx_SetConfig       0x800'c99b    0x10  Code  Lc  stm32f1xx_hal_tim.o [1]
TIM_TI1_ConfigInputStage
                         0x800'c92d    0x1e  Code  Lc  stm32f1xx_hal_tim.o [1]
TIM_TI1_SetConfig        0x800'c8c1    0x52  Code  Gb  stm32f1xx_hal_tim.o [1]
TIM_TI2_ConfigInputStage
                         0x800'c977    0x24  Code  Lc  stm32f1xx_hal_tim.o [1]
TIM_TI2_SetConfig        0x800'c94b    0x2c  Code  Lc  stm32f1xx_hal_tim.o [1]
Task_check               0x800'782d    0x48  Code  Gb  freertos.o [1]
Task_check1Handle       0x2000'90d8     0x4  Data  Gb  freertos.o [1]
UART4_IRQHandler         0x800'ddd3    0x74  Code  Gb  stm32f1xx_it.o [1]
UART_DMAAbortOnError     0x800'a081     0xc  Code  Lc  stm32f1xx_hal_uart.o [1]
UART_DMAError            0x800'9e65    0x4a  Code  Lc  stm32f1xx_hal_uart.o [1]
UART_DMAReceiveCplt      0x800'9db1    0x98  Code  Lc  stm32f1xx_hal_uart.o [1]
UART_DMARxHalfCplt       0x800'9e49    0x18  Code  Lc  stm32f1xx_hal_uart.o [1]
UART_EndRxTransfer       0x800'a021    0x60  Code  Lc  stm32f1xx_hal_uart.o [1]
UART_EndTxTransfer       0x800'9fff    0x22  Code  Lc  stm32f1xx_hal_uart.o [1]
UART_Receive_IT          0x800'a08d    0xbc  Code  Lc  stm32f1xx_hal_uart.o [1]
UART_RecvDealwith        0x800'a973    0x2e  Code  Gb  gps.o [1]
UART_SetConfig           0x800'a149    0x74  Code  Lc  stm32f1xx_hal_uart.o [1]
UART_Start_Receive_DMA   0x800'9f5b    0x78  Code  Gb  stm32f1xx_hal_uart.o [1]
UART_Start_Receive_IT    0x800'9f25    0x30  Code  Gb  stm32f1xx_hal_uart.o [1]
UART_WaitOnFlagUntilTimeout
                         0x800'9eaf    0x76  Code  Lc  stm32f1xx_hal_uart.o [1]
USART1_IRQHandler        0x800'ddc7     0x6  Code  Gb  stm32f1xx_it.o [1]
USART2_IRQHandler        0x800'ddcd     0x6  Code  Gb  stm32f1xx_it.o [1]
USART2_RX_BUF           0x2000'79b4   0x400  Data  Gb  gps.o [1]
USART2_TX_BUF           0x2000'75b4   0x400  Data  Gb  gps.o [1]
UartIntRxLen            0x2000'9154     0x2  Data  Gb  gps.o [1]
UartIntRxbuf            0x2000'7db4   0x400  Data  Gb  gps.o [1]
UartRecv_Clear           0x800'a8fd    0x12  Code  Gb  gps.o [1]
UartRxData              0x2000'9148     0x1  Data  Gb  gps.o [1]
UartRxFlag              0x2000'914c     0x2  Data  Gb  gps.o [1]
UartRxIndex             0x2000'914a     0x2  Data  Gb  gps.o [1]
UartRxLen               0x2000'914e     0x2  Data  Gb  gps.o [1]
UartRxOKFlag            0x2000'9152     0x2  Data  Gb  gps.o [1]
UartRxTimer             0x2000'9150     0x2  Data  Gb  gps.o [1]
Uart_RecvFlag            0x800'a90f    0x2c  Code  Gb  gps.o [1]
Ublox_Cfg_Ack_Check      0x800'ae4f    0x52  Code  Gb  gps.o [1]
Ublox_Cfg_Cfg_Save       0x800'aea1    0x5e  Code  Gb  gps.o [1]
Ublox_Cfg_Prt            0x800'aeff    0x72  Code  Gb  gps.o [1]
Ublox_Cfg_Rate           0x800'afc7    0x3a  Code  Gb  gps.o [1]
Ublox_Cfg_Tp             0x800'af71    0x44  Code  Gb  gps.o [1]
Ublox_CheckSum           0x800'ae2b    0x24  Code  Gb  gps.o [1]
UsageFault_Handler       0x800'ddb1     0x2  Code  Gb  stm32f1xx_it.o [1]
_Encoding_8859_1_Mbrlen
                         0x800'2fe1     0x2  Code  Gb  xencoding_8859_1.o [2]
_Encoding_8859_1_Mbtowc
                         0x800'2fd9     0x8  Code  Gb  xencoding_8859_1.o [2]
_Encoding_8859_1_Wctomb
                         0x800'2fc7    0x12  Code  Gb  xencoding_8859_1.o [2]
_GenldFull               0x800'2b4d   0x274  Code  Lc  xprintffull.o [2]
_GetN                    0x800'5569    0x22  Code  Lc  xscanffull.o [2]
_GetfldFull              0x800'57a3   0x12e  Code  Lc  xscanffull.o [2]
_GetfloatFull            0x800'5e09   0x540  Code  Lc  xscanffull.o [2]
_GetintFull              0x800'5be5   0x21e  Code  Lc  xscanffull.o [2]
_GetstrFull              0x800'5915   0x2cc  Code  Lc  xscanffull.o [2]
_LdtobFull               0x800'2749   0x3d6  Code  Lc  xprintffull.o [2]
_LitobFull               0x800'25f9   0x10a  Code  Lc  xprintffull.o [2]
_LocaleC_isalpha         0x800'2eb3     0xc  Code  Gb  xlocale_c.o [2]
_LocaleC_islower         0x800'2ead     0x4  Code  Gb  xlocale_c.o [2]
_LocaleC_isspace         0x800'2ec9    0x14  Code  Gb  xlocale_c.o [2]
_LocaleC_isupper         0x800'2eb1     0x2  Code  Gb  xlocale_c.o [2]
_LocaleC_tolower         0x800'2edd     0xc  Code  Gb  xlocale_c.o [2]
_Locale_lconv           0x2000'2250    0x38  Data  Lc  xlocale_c.o [2]
_PrintfFull              0x800'1f2d   0x1aa  Code  Gb  xprintffull.o [2]
_Prout                   0x800'e1e3    0x16  Code  Gb  xprout.o [2]
_PutcharsFull            0x800'2dc1    0x2e  Code  Lc  xprintffull.o [2]
_PutfldFull              0x800'2169   0x2d4  Code  Lc  xprintffull.o [2]
_PutstrFull              0x800'2533    0xc6  Code  Lc  xprintffull.o [2]
_PuttxtFull              0x800'243d    0xf6  Code  Lc  xprintffull.o [2]
_SProut                  0x800'3493     0xa  Code  Gb  xsprout.o [2]
_SScin                   0x800'30a3    0x1e  Code  Gb  xsscin.o [2]
_ScanfFull               0x800'55a5   0x1e6  Code  Gb  xscanffull.o [2]
_Strtok_ssave           0x2000'9168     0x4  Data  Lc  strtok.o [2]
_UngetN                  0x800'558b    0x1a  Code  Lc  xscanffull.o [2]
__NVIC_SetPriority       0x800'b869    0x1a  Code  Lc  stm32f1xx_hal_cortex.o [1]
__aeabi_cdcmpeq          0x800'4f59          Code  Gb  DblCmpEq.o [3]
__aeabi_cdcmple          0x800'350d          Code  Gb  DblCmpLe.o [3]
__aeabi_cdrcmple         0x800'353d          Code  Gb  DblCmpGe.o [3]
__aeabi_d2f              0x800'6679          Code  Gb  DblToFlt.o [3]
__aeabi_d2iz             0x800'36a9          Code  Gb  DblToS32.o [3]
__aeabi_d2uiz            0x800'3a35          Code  Gb  DblToU32.o [3]
__aeabi_dadd             0x800'3a7d          Code  Gb  DblAdd.o [3]
__aeabi_ddiv             0x800'37ed          Code  Gb  DblDiv.o [3]
__aeabi_dmul             0x800'32f1          Code  Gb  DblMul.o [3]
__aeabi_dsub             0x800'3709          Code  Gb  DblSub.o [3]
__aeabi_f2d              0x800'bc21          Code  Gb  FltToDbl.o [3]
__aeabi_f2uiz            0x800'bbd5          Code  Gb  FltToU32.o [3]
__aeabi_fadd             0x800'baf1          Code  Gb  FltAdd.o [3]
__aeabi_fdiv             0x800'b9f5          Code  Gb  FltDiv.o [3]
__aeabi_fmul             0x800'b91d          Code  Gb  FltMul.o [3]
__aeabi_i2d              0x800'36e5          Code  Gb  S32ToDbl.o [3]
__aeabi_ldiv0            0x800'3a79          Code  Gb  I64DivZer.o [4]
__aeabi_memclr           0x800'4add          Code  Gb  ABImemclr.o [4]
__aeabi_memclr4          0x800'4ef1          Code  Gb  ABImemclr4.o [4]
__aeabi_memset4          0x800'552d          Code  Gb  ABImemset48.o [4]
__aeabi_memset8          0x800'552d          Code  Gb  ABImemset48.o [4]
__aeabi_ui2d             0x800'3a5d          Code  Gb  U32ToDbl.o [3]
__aeabi_ui2f             0x800'b901          Code  Gb  U32ToFlt.o [3]
__aeabi_uldivmod         0x800'30c1          Code  Gb  I64DivMod.o [4]
__cmain                  0x800'e1b1          Code  Gb  cmain.o [4]
__data_GetMemChunk       0x800'1ed5    0x2c  Code  Gb  xgetmemchunk.o [2]
__data_GetMemChunk::start
                        0x2000'916c     0x4  Data  Lc  xgetmemchunk.o [2]
__exit                   0x800'1f19    0x14  Code  Gb  exit.o [5]
__iar_Fail_s             0x800'2fed    0x1c  Code  Gb  xfail_s.o [2]
__iar_Mbcurmax           0x800'3099     0xa  Code  Gb  xmbcurmax.o [2]
__iar_Memchr             0x800'3041          Code  Gb  memchr.o [4]
__iar_Memset4_word       0x800'5535          Code  Gb  ABImemset48.o [4]
__iar_Memset8_word       0x800'5535          Code  Gb  ABImemset48.o [4]
__iar_Stdout            0x2000'22d0    0x48  Data  Gb  xfiles.o [2]
__iar_Sto64              0x800'4d61   0x152  Code  Gb  strto64.o [3]
__iar_Stoflt             0x800'514d   0x1c4  Code  Gb  iar_Stoflt.o [2]
__iar_Stollx             0x800'6425    0x96  Code  Gb  iar_Stollx.o [2]
__iar_Stopfx             0x800'502b   0x122  Code  Gb  iar_Stopfx.o [2]
__iar_Stoullx            0x800'64c5   0x1a4  Code  Gb  iar_Stoullx.o [2]
__iar_Stoulx             0x800'97c5   0x13a  Code  Gb  iar_Stoulx.o [2]
__iar_Stoxflt            0x800'5311   0x1e6  Code  Gb  iar_Stoxflt.o [2]
__iar_Stoxflt::digits    0x800'54fc    0x18  Data  Lc  iar_Stoxflt.o [2]
__iar_Stoxflt::vals      0x800'5514    0x18  Data  Lc  iar_Stoxflt.o [2]
__iar_Strchr             0x800'2fb1          Code  Gb  strchr.o [4]
__iar_dadd               0x800'3719          Code  Gb  DblSub.o [3]
__iar_data_init3         0x800'e169    0x28  Code  Gb  data_init.o [4]
__iar_dlfree             0x800'15b5   0x4f6  Code  Gb  dlmalloc.o [2]
__iar_dlmalloc           0x800'12ff   0x2b6  Code  Gb  dlmalloc.o [2]
__iar_dlrealloc          0x800'1dc9    0x7c  Code  Gb  dlmalloc.o [2]
__iar_dsub               0x800'3a8d          Code  Gb  DblAdd.o [3]
__iar_dsubStart          0x800'3a9f          Code  Gb  DblAdd.o [3]
__iar_fadd               0x800'c9dd          Code  Gb  FltSub.o [3]
__iar_frexp              0x800'34a9          Code  Gb  frexp.o [3]
__iar_frexp64            0x800'349d          Code  Gb  frexp.o [3]
__iar_frexpl             0x800'34a9          Code  Gb  frexp.o [3]
__iar_fsub               0x800'bafd          Code  Gb  FltAdd.o [3]
__iar_fsubStart          0x800'bb0d          Code  Gb  FltAdd.o [3]
__iar_globLocale        0x2000'2288    0x48  Data  Lc  xlocale_c.o [2]
__iar_global_Locale      0x800'2ee9     0x4  Code  Gb  xlocale_c.o [2]
__iar_ldexp64            0x800'356d          Code  Gb  ldexp.o [3]
__iar_lz77_init_single3
                         0x800'1e5b    0x7a  Code  Gb  lz77_init_single.o [4]
__iar_program_start      0x800'e221          Code  Gb  cstartup_M.o [4]
__iar_scalbln64          0x800'356d          Code  Gb  ldexp.o [3]
__iar_scalbn64           0x800'356d          Code  Gb  ldexp.o [3]
__iar_small_Memcpy       0x800'1f05          Code  Gb  ABImemcpy_small.o [4]
__iar_small_Memset       0x800'5019          Code  Gb  ABImemset_small.o [4]
__iar_small_Memset_word
                         0x800'5019          Code  Gb  ABImemset_small.o [4]
__iar_small_memcpy       0x800'1f01          Code  Gb  ABImemcpy_small.o [4]
__iar_small_memcpy4      0x800'1f01          Code  Gb  ABImemcpy_small.o [4]
__iar_small_memcpy8      0x800'1f01          Code  Gb  ABImemcpy_small.o [4]
__iar_small_memset       0x800'5019          Code  Gb  ABImemset_small.o [4]
__iar_small_strlen       0x800'302d          Code  Gb  strlen_small.o [4]
__iar_small_strncpy      0x800'970d          Code  Gb  strncpy_small.o [4]
__iar_zero_init3         0x800'2e73    0x3a  Code  Gb  zero_init3.o [4]
__isinf                  0x800'4ef7    0x22  Code  Gb  cJSON.o [1]
__low_level_init         0x800'e1cf     0x4  Code  Gb  low_level_init.o [2]
__vector_table           0x800'0000          Data  Gb  startup_stm32f103xe.o [1]
_call_main               0x800'e1bd          Code  Gb  cmain.o [4]
_exit                    0x800'e1d9          Code  Gb  cexit.o [4]
_gLocale_mblen           0x800'2f8f     0x4  Code  Gb  xlocale_c.o [2]
_gLocale_mblenInt        0x800'2f11    0x2c  Code  Gb  xlocale_c.o [2]
_gLocale_mbtowc          0x800'2f93     0xc  Code  Gb  xlocale_c.o [2]
_gLocale_mbtowcInt       0x800'2f3d    0x42  Code  Gb  xlocale_c.o [2]
_gLocale_wctomb          0x800'2f9f     0x4  Code  Gb  xlocale_c.o [2]
_gLocale_wctombInt       0x800'2f8b     0x4  Code  Gb  xlocale_c.o [2]
_gm_                    0x2000'880c   0x1d8  Data  Lc  dlmalloc.o [2]
_main                    0x800'e1cb          Code  Gb  cmain.o [4]
abort                    0x800'1e55     0x6  Code  Gb  abort.o [2]
add_item_to_array        0x800'4999    0x2c  Code  Lc  cJSON.o [1]
add_item_to_object       0x800'49c5    0x5e  Code  Lc  cJSON.o [1]
add_segment              0x800'04f9   0x1f2  Code  Lc  dlmalloc.o [2]
at_at_at                 0x800'8785   0x196  Code  Gb  ec800_at.o [1]
at_at_at::at_a          0x2000'0090     0x4  Data  Lc  ec800_at.o [1]
at_at_at::flag1         0x2000'008c     0x4  Data  Lc  ec800_at.o [1]
at_at_duanxin            0x800'892d    0x70  Code  Gb  ec800_at.o [1]
at_at_duanxin::duanxin_a
                        0x2000'0098     0x4  Data  Lc  ec800_at.o [1]
at_at_duanxin::flag     0x2000'0094     0x4  Data  Lc  ec800_at.o [1]
at_at_http_gps           0x800'8a5d    0xc6  Code  Gb  ec800_at.o [1]
at_at_http_gps::flag_http_gps
                        0x2000'00a4     0x4  Data  Lc  ec800_at.o [1]
at_at_http_gps::http_a  0x2000'00a8     0x4  Data  Lc  ec800_at.o [1]
at_at_http_tianqi        0x800'899d    0xb8  Code  Gb  ec800_at.o [1]
at_at_http_tianqi::flag_http_tianqi
                        0x2000'009c     0x4  Data  Lc  ec800_at.o [1]
at_at_http_tianqi::http_a_tianqi
                        0x2000'00a0     0x4  Data  Lc  ec800_at.o [1]
at_at_mqtt               0x800'86a5    0xd8  Code  Gb  ec800_at.o [1]
at_at_mqtt::flag_mqtt   0x2000'0088     0x4  Data  Lc  ec800_at.o [1]
at_send_OK               0x800'8b23    0x2e  Code  Gb  ec800_at.o [1]
at_send_flag            0x2000'0074    0x14  Data  Gb  ec800_at.o [1]
at_solve                0x2000'21fc    0x28  Data  Gb  ec800_at.o [1]
atof                     0x800'4ee1     0x8  Code  Gb  strto64.o [3]
atoi                     0x800'9905     0x2  Code  Gb  iar_Stoulx.o [2]
buffer_skip_whitespace   0x800'4261    0x32  Code  Lc  cJSON.o [1]
cJSON_AddItemToObject    0x800'4a23     0x6  Code  Gb  cJSON.o [1]
cJSON_AddNumberToObject
                         0x800'4a5f     0xe  Code  Gb  cJSON.o [1]
cJSON_CreateNumber       0x800'4a75    0x44  Code  Gb  cJSON.o [1]
cJSON_CreateObject       0x800'4ac1     0xe  Code  Gb  cJSON.o [1]
cJSON_Delete             0x800'3c45    0x4a  Code  Gb  cJSON.o [1]
cJSON_GetErrorPtr        0x800'3bf9     0xc  Code  Gb  cJSON.o [1]
cJSON_GetObjectItem      0x800'4995     0x4  Code  Gb  cJSON.o [1]
cJSON_New_Item           0x800'3c2d    0x18  Code  Lc  cJSON.o [1]
cJSON_Parse              0x800'4395     0x6  Code  Gb  cJSON.o [1]
cJSON_ParseWithLengthOpts
                         0x800'42b1    0xd6  Code  Gb  cJSON.o [1]
cJSON_ParseWithOpts      0x800'4293    0x1e  Code  Gb  cJSON.o [1]
cJSON_Print              0x800'443f     0x6  Code  Gb  cJSON.o [1]
cJSON_strdup             0x800'3c05    0x28  Code  Lc  cJSON.o [1]
cardTaskHandle          0x2000'90d4     0x4  Data  Gb  freertos.o [1]
chaoshenboTaskHandle    0x2000'90cc     0x4  Data  Gb  freertos.o [1]
chaoshenbo_Task          0x800'dbf1     0xa  Code  Gb  chaochengbo.o [1]
chashengbo_flag1        0x2000'9110     0x4  Data  Gb  chaochengbo.o [1]
checkResponse            0x800'8b79    0x20  Code  Gb  ec800_at.o [1]
chuli                   0x2000'1ff8   0x204  Data  Gb  ec800_at.o [1]
compare_double           0x800'3de7    0x5c  Code  Lc  cJSON.o [1]
cs_flag1                0x2000'9114     0x4  Data  Gb  chaochengbo.o [1]
ddiv                     0x800'4b5b    0x76  Code  Lc  strto64.o [3]
defaultTaskHandle       0x2000'90ec     0x4  Data  Gb  freertos.o [1]
digits                   0x800'e020    0x28  Data  Lc  iar_Stoulx.o [2]
digits                   0x800'e070    0x28  Data  Lc  iar_Stoullx.o [2]
dispose_chunk            0x800'08c5   0x4a6  Code  Lc  dlmalloc.o [2]
dmul                     0x800'4ae5    0x76  Code  Lc  strto64.o [3]
dtbuf                   0x2000'8b68    0x34  Data  Gb  gps.o [1]
eTaskGetState            0x800'6963    0x66  Code  Gb  tasks.o [1]
ensure                   0x800'3d49    0x84  Code  Lc  cJSON.o [1]
exit                     0x800'e1d3     0x4  Code  Gb  exit.o [2]
fputc                    0x800'a467    0x14  Code  Gb  usart.o [1]
free                     0x800'9705     0x4  Code  Gb  heaptramp0.o [2]
frexp                    0x800'349d          Code  Gb  frexp.o [3]
frexpl                   0x800'349d          Code  Gb  frexp.o [3]
get_database             0x800'8e89    0x72  Code  Gb  pubdata.o [1]
get_object_item          0x800'4923    0x72  Code  Lc  cJSON.o [1]
global_error            0x2000'006c     0x8  Data  Lc  cJSON.o [1]
global_hooks            0x2000'0060     0xc  Data  Lc  cJSON.o [1]
gps_buff                0x2000'9138    0x10  Data  Gb  pubdata.o [1]
gps_json_get             0x800'8291    0xa6  Code  Gb  ec800_mqtt.o [1]
gpsx                    0x2000'8ae8    0x80  Data  Gb  gps.o [1]
hdma_uart4_rx           0x2000'8cc4    0x44  Data  Gb  usart.o [1]
hdma_usart1_rx          0x2000'8d08    0x44  Data  Gb  usart.o [1]
hi2c1                   0x2000'8da4    0x54  Data  Gb  i2c.o [1]
hiwdg                   0x2000'90fc     0xc  Data  Gb  iwdg.o [1]
hspi1                   0x2000'8d4c    0x58  Data  Gb  spi.o [1]
htim2                   0x2000'8e90    0x48  Data  Gb  tim.o [1]
htim3                   0x2000'8ed8    0x48  Data  Gb  tim.o [1]
htim6                   0x2000'8e48    0x48  Data  Gb  stm32f1xx_hal_timebase_tim.o [1]
htim7                   0x2000'8f20    0x48  Data  Gb  tim.o [1]
huart1                  0x2000'8fb0    0x48  Data  Gb  usart.o [1]
huart2                  0x2000'8ff8    0x48  Data  Gb  usart.o [1]
huart3                  0x2000'9040    0x48  Data  Gb  usart.o [1]
huart4                  0x2000'8f68    0x48  Data  Gb  usart.o [1]
hw_ctrl                 0x2000'0040    0x20  Data  Gb  pubdata.o [1]
init_mparams             0x800'014b    0x32  Code  Lc  dlmalloc.o [2]
init_top                 0x800'017d    0x36  Code  Lc  dlmalloc.o [2]
isalpha                  0x800'63d5    0x14  Code  Gb  isalpha.o [2]
isspace                  0x800'63c1    0x14  Code  Gb  isspace.o [2]
json_flag               0x2000'8614     0x1  Data  Gb  ec800_mqtt.o [1]
julia                   0x2000'9108     0x8  Data  Gb  chaochengbo.o [1]
ldexp                    0x800'356d          Code  Gb  ldexp.o [3]
ldexpl                   0x800'356d          Code  Gb  ldexp.o [3]
light_buff              0x2000'9164     0x4  Data  Gb  freertos.o [1]
light_gongnneg_set       0x800'8f25    0x22  Code  Gb  pubdata.o [1]
localeconv               0x800'2fa3     0x4  Code  Gb  xlocale_c.o [2]
main                     0x800'b755    0x48  Code  Gb  main.o [1]
makeFreeRtosPriority     0x800'7e85     0xc  Code  Lc  cmsis_os.o [1]
memchr                   0x800'3041          Code  Gb  memchr.o [4]
mparams                 0x2000'9120    0x18  Data  Lc  dlmalloc.o [2]
mqtt_json_receive        0x800'818d    0xfe  Code  Gb  ec800_mqtt.o [1]
mqtt_json_send           0x800'7fd5   0x1b2  Code  Gb  ec800_mqtt.o [1]
ndigs                    0x800'dff8    0x28  Data  Lc  iar_Stoulx.o [2]
ndigs                    0x800'e048    0x28  Data  Lc  iar_Stoullx.o [2]
obuf                    0x2000'8df8    0x50  Data  Lc  xfiles.o [2]
oldone                  0x2000'0000    0x40  Data  Gb  pubdata.o [1]
osDelay                  0x800'7ef9     0xe  Code  Gb  cmsis_os.o [1]
osKernelStart            0x800'7e91     0xa  Code  Gb  cmsis_os.o [1]
osMessageCreate          0x800'7fa5    0x2a  Code  Gb  cmsis_os.o [1]
osMutexCreate            0x800'7f7b    0x12  Code  Gb  cmsis_os.o [1]
osThreadCreate           0x800'7e9b    0x5e  Code  Gb  cmsis_os.o [1]
osTimerCreate            0x800'7f07    0x36  Code  Gb  cmsis_os.o [1]
osTimerStart             0x800'7f3d    0x3e  Code  Gb  cmsis_os.o [1]
parse_array              0x800'45e5    0x88  Code  Lc  cJSON.o [1]
parse_hex4               0x800'3f25    0x40  Code  Lc  cJSON.o [1]
parse_number             0x800'3c8f    0xa2  Code  Lc  cJSON.o [1]
parse_object             0x800'4703    0xc2  Code  Lc  cJSON.o [1]
parse_string             0x800'4041   0x108  Code  Lc  cJSON.o [1]
parse_value              0x800'4465    0xc6  Code  Lc  cJSON.o [1]
pows                     0x800'e0f8    0x48  Data  Lc  strto64.o [3]
prepend_alloc            0x800'01b3   0x346  Code  Lc  dlmalloc.o [2]
print                    0x800'439b    0xa4  Code  Lc  cJSON.o [1]
print_array              0x800'466d    0x90  Code  Lc  cJSON.o [1]
print_number             0x800'3e45    0xd0  Code  Lc  cJSON.o [1]
print_object             0x800'47ff   0x11c  Code  Lc  cJSON.o [1]
print_string_ptr         0x800'4149   0x110  Code  Lc  cJSON.o [1]
print_value              0x800'452d    0xa0  Code  Lc  cJSON.o [1]
printf                   0x800'4fc9    0x28  Code  Gb  printf.o [2]
prvAddCurrentTaskToDelayedList
                         0x800'7225    0x5e  Code  Lc  tasks.o [1]
prvAddNewTaskToReadyList
                         0x800'6827    0xaa  Code  Lc  tasks.o [1]
prvCheckForValidListAndQueue
                         0x800'7d7d    0x4e  Code  Lc  timers.o [1]
prvCheckForValidListAndQueue{1}{2}{3}{4}::ucStaticTimerQueueStorage
                        0x2000'8a70    0x78  Data  Lc  timers.o [1]
prvCheckForValidListAndQueue{1}{2}{3}{4}::xStaticTimerQueue
                        0x2000'8a20    0x50  Data  Lc  timers.o [1]
prvCopyDataFromQueue     0x800'95f1    0x28  Code  Lc  queue.o [1]
prvCopyDataToQueue       0x800'9589    0x68  Code  Lc  queue.o [1]
prvDeleteTCB             0x800'6f3f    0x2e  Code  Lc  tasks.o [1]
prvIdleTask              0x800'6e31    0x40  Code  Lc  tasks.o [1]
prvInitialiseMutex       0x800'9103    0x12  Code  Lc  queue.o [1]
prvInitialiseNewQueue    0x800'90e5    0x1e  Code  Lc  queue.o [1]
prvInitialiseNewTask     0x800'679b    0x8c  Code  Lc  tasks.o [1]
prvInitialiseNewTimer    0x800'7a97    0x42  Code  Lc  timers.o [1]
prvInsertBlockIntoFreeList
                         0x800'7415    0x46  Code  Lc  heap_4.o [1]
prvInsertTimerInActiveList
                         0x800'7c6b    0x34  Code  Lc  timers.o [1]
prvIsQueueEmpty          0x800'967d    0x16  Code  Lc  queue.o [1]
prvListTasksWithinSingleList
                         0x800'6ee7    0x4a  Code  Lc  tasks.o [1]
prvProcessReceivedCommands
                         0x800'7ca1    0xda  Code  Lc  timers.o [1]
prvProcessTimerOrBlockTask
                         0x800'7b43    0x9e  Code  Lc  timers.o [1]
prvResetNextTaskUnblockTime
                         0x800'6f6d    0x1a  Code  Lc  tasks.o [1]
prvSampleTimeNow         0x800'7bf1    0x7a  Code  Lc  timers.o [1]
prvSampleTimeNow::xLastTime
                        0x2000'89f4     0x4  Data  Lc  timers.o [1]
prvTaskExitError         0x800'7515    0x1c  Code  Lc  port.o [1]
prvTimerTask             0x800'7b25    0x1e  Code  Lc  timers.o [1]
prvUnlockQueue           0x800'9619    0x64  Code  Lc  queue.o [1]
putchar                  0x800'e1f9     0xc  Code  Gb  putchar.o [2]
pvPortMalloc             0x800'72a5   0x108  Code  Gb  heap_4.o [1]
pvTaskIncrementMutexHeldCount
                         0x800'71f1    0x14  Code  Gb  tasks.o [1]
pxCurrentTCB            0x2000'8bc4     0x4  Data  Gb  tasks.o [1]
pxCurrentTimerList      0x2000'89e4     0x4  Data  Lc  timers.o [1]
pxDelayedTaskList       0x2000'8bc8     0x4  Data  Lc  tasks.o [1]
pxEnd                   0x2000'2320     0x4  Data  Lc  heap_4.o [1]
pxOverflowDelayedTaskList
                        0x2000'8bcc     0x4  Data  Lc  tasks.o [1]
pxOverflowTimerList     0x2000'89e8     0x4  Data  Lc  timers.o [1]
pxPortInitialiseStack    0x800'74f5    0x20  Code  Gb  port.o [1]
pxReadyTasksLists       0x2000'8c38    0x8c  Data  Lc  tasks.o [1]
ranmatch                 0x800'58d1    0x44  Code  Lc  xscanffull.o [2]
realloc                  0x800'9709     0x4  Code  Gb  heaptramp0.o [2]
receivebuff_4G          0x2000'8410   0x204  Data  Gb  freertos.o [1]
rx_buffer               0x2000'00ac   0x200  Data  Gb  ec800_at.o [1]
scalbln                  0x800'356d          Code  Gb  ldexp.o [3]
scalblnl                 0x800'356d          Code  Gb  ldexp.o [3]
scalbn                   0x800'356d          Code  Gb  ldexp.o [3]
scalbnl                  0x800'356d          Code  Gb  ldexp.o [3]
scale                    0x800'2703    0x46  Code  Lc  xprintffull.o [2]
sec_hand                0x2000'9170     0x4  Data  Lc  xfail_s.o [2]
segment_holding          0x800'0131    0x1a  Code  Lc  dlmalloc.o [2]
sendATCommand            0x800'8b51    0x28  Code  Gb  ec800_at.o [1]
sendCallback             0x800'77fb    0x14  Code  Gb  freertos.o [1]
sendTimerHandle         0x2000'90f0     0x4  Data  Gb  freertos.o [1]
set_database             0x800'8dfd    0x8a  Code  Gb  pubdata.o [1]
sprintf                  0x800'4f19    0x40  Code  Gb  sprintf.o [2]
sscanf                   0x800'4f79    0x28  Code  Gb  sscanf.o [2]
str_mqtt                0x2000'8618   0x1f4  Data  Gb  ec800_mqtt.o [1]
strchr                   0x800'2fb1          Code  Gb  strchr.o [4]
strcmp                   0x800'4ff1          Code  Gb  strcmp.o [4]
strcpy                   0x800'7de5          Code  Gb  strcpy.o [4]
strcspn                  0x800'a203    0x22  Code  Gb  strcspn.o [2]
strncmp                  0x800'4fa1    0x28  Code  Gb  strncmp.o [2]
strrchr                  0x800'9779    0x1a  Code  Gb  strrchr.o [2]
strspn                   0x800'a1e1    0x22  Code  Gb  strspn.o [2]
strstr                   0x800'9793    0x30  Code  Gb  strstr.o [2]
strtod                   0x800'4ee9     0x6  Code  Gb  strto64.o [3]
strtok                   0x800'972d    0x4c  Code  Gb  strtok.o [2]
strtold                  0x800'4ee9     0x6  Code  Gb  strto64.o [3]
strtoll                  0x800'64bd     0x2  Code  Gb  iar_Stollx.o [2]
strtoull                 0x800'6671     0x2  Code  Gb  iar_Stoullx.o [2]
suaka_gongnneg_set       0x800'8f5d     0x4  Code  Gb  pubdata.o [1]
sys_alloc                0x800'06f1   0x164  Code  Lc  dlmalloc.o [2]
sys_trim                 0x800'0855    0x64  Code  Lc  dlmalloc.o [2]
tianqi_cam              0x2000'2224    0x10  Data  Gb  ec800_mqtt.o [1]
tianqi_json_get          0x800'8355    0xf0  Code  Gb  ec800_mqtt.o [1]
time_gongnneg_set        0x800'8f59     0x4  Code  Gb  pubdata.o [1]
tmalloc_large            0x800'0d6b   0x386  Code  Lc  dlmalloc.o [2]
tmalloc_small            0x800'10f1   0x200  Code  Lc  dlmalloc.o [2]
tolower                  0x800'5003    0x14  Code  Gb  tolower.o [2]
try_realloc_chunk        0x800'1aab   0x318  Code  Lc  dlmalloc.o [2]
ucHeap                  0x2000'2338  0x4e20  Data  Lc  heap_4.o [1]
ucMaxSysCallPriority    0x2000'2234     0x1  Data  Lc  port.o [1]
ulMaxPRIGROUPValue      0x2000'223c     0x4  Data  Lc  port.o [1]
update_offset            0x800'3dcd    0x1a  Code  Lc  cJSON.o [1]
utf16_literal_to_utf8    0x800'3f65    0xd4  Code  Lc  cJSON.o [1]
uwTick                  0x2000'2244     0x4  Data  Gb  stm32f1xx_hal.o [1]
uwTickFreq              0x2000'2240     0x1  Data  Gb  stm32f1xx_hal.o [1]
uwTickPrio              0x2000'2248     0x4  Data  Gb  stm32f1xx_hal.o [1]
uxCriticalNesting       0x2000'2238     0x4  Data  Lc  port.o [1]
uxCurrentNumberOfTasks  0x2000'8be8     0x4  Data  Lc  tasks.o [1]
uxDeletedTasksWaitingCleanUp
                        0x2000'8bd0     0x4  Data  Lc  tasks.o [1]
uxListRemove             0x800'74cd    0x26  Code  Gb  list.o [1]
uxSchedulerSuspended    0x2000'8c0c     0x4  Data  Lc  tasks.o [1]
uxTaskGetSystemState     0x800'6b43    0x8c  Code  Gb  tasks.o [1]
uxTaskNumber            0x2000'8c04     0x4  Data  Lc  tasks.o [1]
uxTopReadyPriority      0x2000'8bf0     0x4  Data  Lc  tasks.o [1]
vApplicationGetIdleTaskMemory
                         0x800'76a5    0x10  Code  Gb  freertos.o [1]
vApplicationGetTimerTaskMemory
                         0x800'76b5    0x12  Code  Gb  freertos.o [1]
vListInitialise          0x800'7461    0x1a  Code  Gb  list.o [1]
vListInitialiseItem      0x800'747b     0x6  Code  Gb  list.o [1]
vListInsert              0x800'749b    0x32  Code  Gb  list.o [1]
vListInsertEnd           0x800'7481    0x1a  Code  Gb  list.o [1]
vPortEnterCritical       0x800'75b9    0x32  Code  Gb  port.o [1]
vPortExitCritical        0x800'75eb    0x22  Code  Gb  port.o [1]
vPortFree                0x800'73bb    0x4c  Code  Gb  heap_4.o [1]
vPortStartFirstTask      0x800'7e63          Code  Gb  portasm.o [1]
vPortValidateInterruptPriority
                         0x800'7629    0x3c  Code  Gb  port.o [1]
vQueueAddToRegistry      0x800'9693    0x20  Code  Gb  queue.o [1]
vQueueWaitForMessageRestricted
                         0x800'96bd    0x48  Code  Gb  queue.o [1]
vTaskDelay               0x800'6935    0x2e  Code  Gb  tasks.o [1]
vTaskDelete              0x800'68d1    0x64  Code  Gb  tasks.o [1]
vTaskGetInfo             0x800'6e71    0x76  Code  Gb  tasks.o [1]
vTaskInternalSetTimeOutState
                         0x800'6db1     0xe  Code  Gb  tasks.o [1]
vTaskList                0x800'713d    0xb4  Code  Gb  tasks.o [1]
vTaskMissedYield         0x800'6e25     0xa  Code  Gb  tasks.o [1]
vTaskPlaceOnEventList    0x800'6ce3    0x20  Code  Gb  tasks.o [1]
vTaskPlaceOnEventListRestricted
                         0x800'6d1d    0x2c  Code  Gb  tasks.o [1]
vTaskPriorityDisinheritAfterTimeout
                         0x800'70b7    0x78  Code  Gb  tasks.o [1]
vTaskStartScheduler      0x800'6a11    0x6c  Code  Gb  tasks.o [1]
vTaskSuspendAll          0x800'6a85     0xc  Code  Gb  tasks.o [1]
vTaskSwitchContext       0x800'6c91    0x52  Code  Gb  tasks.o [1]
wctob                    0x800'63e9    0x32  Code  Gb  wctob.o [2]
xActiveTimerList1       0x2000'89f8    0x14  Data  Lc  timers.o [1]
xActiveTimerList2       0x2000'8a0c    0x14  Data  Lc  timers.o [1]
xBlockAllocatedBit      0x2000'2334     0x4  Data  Lc  heap_4.o [1]
xDelayedTaskList1       0x2000'8c10    0x14  Data  Lc  tasks.o [1]
xDelayedTaskList2       0x2000'8c24    0x14  Data  Lc  tasks.o [1]
xFreeBytesRemaining     0x2000'2324     0x4  Data  Lc  heap_4.o [1]
xIdleStack              0x2000'8210   0x200  Data  Lc  freertos.o [1]
xIdleTaskTCBBuffer      0x2000'81b4    0x5c  Data  Lc  freertos.o [1]
xMinimumEverFreeBytesRemaining
                        0x2000'2328     0x4  Data  Lc  heap_4.o [1]
xNextTaskUnblockTime    0x2000'8c08     0x4  Data  Lc  tasks.o [1]
xNumOfOverflows         0x2000'8c00     0x4  Data  Lc  tasks.o [1]
xNumberOfSuccessfulAllocations
                        0x2000'232c     0x4  Data  Lc  heap_4.o [1]
xNumberOfSuccessfulFrees
                        0x2000'2330     0x4  Data  Lc  heap_4.o [1]
xPendedTicks            0x2000'8bf8     0x4  Data  Lc  tasks.o [1]
xPendingReadyList       0x2000'8b9c    0x14  Data  Lc  tasks.o [1]
xPortStartScheduler      0x800'7531    0x78  Code  Gb  port.o [1]
xQueueCreateMutex        0x800'9115    0x16  Code  Gb  queue.o [1]
xQueueCreateMutexStatic
                         0x800'912b    0x1a  Code  Gb  queue.o [1]
xQueueGenericCreate      0x800'90ad    0x38  Code  Gb  queue.o [1]
xQueueGenericCreateStatic
                         0x800'904f    0x5e  Code  Gb  queue.o [1]
xQueueGenericReset       0x800'8fdd    0x72  Code  Gb  queue.o [1]
xQueueGenericSend        0x800'9145   0x128  Code  Gb  queue.o [1]
xQueueGenericSendFromISR
                         0x800'9275    0x8c  Code  Gb  queue.o [1]
xQueueReceive            0x800'9315    0xfc  Code  Gb  queue.o [1]
xQueueRegistry          0x2000'9088    0x40  Data  Gb  queue.o [1]
xQueueSemaphoreTake      0x800'941b   0x128  Code  Gb  queue.o [1]
xSchedulerRunning       0x2000'8bf4     0x4  Data  Lc  tasks.o [1]
xStart                  0x2000'2318     0x8  Data  Lc  heap_4.o [1]
xSuspendedTaskList      0x2000'8bd4    0x14  Data  Lc  tasks.o [1]
xTaskCheckForTimeOut     0x800'6dbf    0x66  Code  Gb  tasks.o [1]
xTaskCreate              0x800'673f    0x5c  Code  Gb  tasks.o [1]
xTaskCreateStatic        0x800'66e1    0x5e  Code  Gb  tasks.o [1]
xTaskGetSchedulerState   0x800'6f87    0x18  Code  Gb  tasks.o [1]
xTaskGetTickCount        0x800'6b3b     0x8  Code  Gb  tasks.o [1]
xTaskIncrementTick       0x800'6bd5    0xbc  Code  Gb  tasks.o [1]
xTaskPriorityDisinherit
                         0x800'701f    0x84  Code  Gb  tasks.o [1]
xTaskPriorityInherit     0x800'6f9f    0x76  Code  Gb  tasks.o [1]
xTaskRemoveFromEventList
                         0x800'6d55    0x52  Code  Gb  tasks.o [1]
xTaskResumeAll           0x800'6a91    0x9a  Code  Gb  tasks.o [1]
xTasksWaitingTermination
                        0x2000'8bb0    0x14  Data  Lc  tasks.o [1]
xTickCount              0x2000'8bec     0x4  Data  Lc  tasks.o [1]
xTimerCreate             0x800'7a21    0x34  Code  Gb  timers.o [1]
xTimerCreateStatic       0x800'7a55    0x34  Code  Gb  timers.o [1]
xTimerCreateTimerTask    0x800'79d5    0x4c  Code  Gb  timers.o [1]
xTimerGenericCommand     0x800'7ad9    0x4a  Code  Gb  timers.o [1]
xTimerQueue             0x2000'89ec     0x4  Data  Lc  timers.o [1]
xTimerStack             0x2000'71b4   0x400  Data  Lc  freertos.o [1]
xTimerTaskHandle        0x2000'89f0     0x4  Data  Lc  timers.o [1]
xTimerTaskTCBBuffer     0x2000'7158    0x5c  Data  Lc  freertos.o [1]
xYieldPending           0x2000'8bfc     0x4  Data  Lc  tasks.o [1]


[1] = C:\Users\72457\Desktop\shiyan\EWARM\shiyan\Obj
[2] = dl7M_tlf.a
[3] = m7M_tl.a
[4] = rt7M_tl.a
[5] = shb_l.a

  57 360 bytes of readonly  code memory
   1 752 bytes of readonly  data memory
  49 524 bytes of readwrite data memory

Errors: none
Warnings: none
